// Jest Snapshot v1, https://goo.gl/fbAQLP

exports[`<GroupLocation/> render a group with a location 1`] = `
<View
  style={
    Object {
      "marginBottom": 16,
    }
  }
>
  <Text
    allowFontScaling={false}
    bold={true}
    selectable={true}
    style={
      Array [
        Object {
          "fontFamily": "NunitoSans-Bold",
          "fontSize": 16,
        },
        Object {
          "color": "#b8bab8",
          "fontSize": 18,
        },
      ]
    }
  >
    Location
  </Text>
  <Text
    allowFontScaling={false}
    selectable={true}
    style={
      Array [
        Object {
          "fontFamily": "NunitoSans-Regular",
          "fontSize": 16,
        },
        Object {
          "color": "#b8bab8",
          "fontSize": 16,
        },
      ]
    }
  >
    Starbucks
  </Text>
  <Text
    allowFontScaling={false}
    selectable={true}
    style={
      Array [
        Object {
          "fontFamily": "NunitoSans-Regular",
          "fontSize": 16,
        },
        Object {
          "color": "#b8bab8",
          "fontSize": 16,
          "marginTop": 10,
        },
      ]
    }
  >
    Table in the back with all the coffee
  </Text>
</View>
`;

exports[`<GroupLocation/> render a group with a location, but no description 1`] = `
<View
  style={
    Object {
      "marginBottom": 16,
    }
  }
>
  <Text
    allowFontScaling={false}
    bold={true}
    selectable={true}
    style={
      Array [
        Object {
          "fontFamily": "NunitoSans-Bold",
          "fontSize": 16,
        },
        Object {
          "color": "#b8bab8",
          "fontSize": 18,
        },
      ]
    }
  >
    Location
  </Text>
  <Text
    allowFontScaling={false}
    selectable={true}
    style={
      Array [
        Object {
          "fontFamily": "NunitoSans-Regular",
          "fontSize": 16,
        },
        Object {
          "color": "#b8bab8",
          "fontSize": 16,
        },
      ]
    }
  >
    Starbucks
  </Text>
</View>
`;

exports[`<GroupLocation/> render an online group 1`] = `
<View
  style={
    Object {
      "marginBottom": 16,
    }
  }
>
  <Text
    allowFontScaling={false}
    bold={true}
    selectable={true}
    style={
      Array [
        Object {
          "fontFamily": "NunitoSans-Bold",
          "fontSize": 16,
        },
        Object {
          "color": "#b8bab8",
          "fontSize": 18,
        },
      ]
    }
  >
    Location
  </Text>
  <Text
    allowFontScaling={false}
    selectable={true}
    style={
      Array [
        Object {
          "fontFamily": "NunitoSans-Regular",
          "fontSize": 16,
        },
        Object {
          "color": "#b8bab8",
          "fontSize": 16,
        },
      ]
    }
  >
    Online
  </Text>
</View>
`;
